node.exe : WARNING! 
Build not running on 
Vercel. System 
environment variables 
will not be available.
No linha:1 caractere:1
+ & "C:\Program 
Files\nodejs/node.exe" 
"C:\Program 
Files\nodejs/node_mo 
...
+ ~~~~~~~~~~~~~~~~~~~~~
~~~~~~~~~~~~~~~~~~~~~~~
~~~~~~~~~~~~~~~~~~~~~~~
~~
    + CategoryInfo     
         : 
NotSpecified: (WAR    
NING! Build ...t be av 
   ailable.:String) 
[], R    emoteException
    + 
FullyQualifiedErrorI   
 d : NativeCommandError
 
Detected `pnpm-lock.yaml` 9 which may be generated by pnpm@9.x or pnpm@10.x
Using pnpm@10.x based on project creation date
To use pnpm@9.x, manually opt in using corepack (https://vercel.com/docs/deployments/configure-a-build#corepack)
WARNING: You should 
not upload the `.next` 
directory.
Installing dependencies...
Detected `pnpm-lock.yaml` 9 which may be generated by pnpm@9.x or pnpm@10.x
Using pnpm@10.x based on project creation date
To use pnpm@9.x, manually opt in using corepack (https://vercel.com/docs/deployments/configure-a-build#corepack)
Lockfile is up to date, resolution step is skipped
Already up to date

Ôò¡ Warning ÔöÇÔöÇÔöÇÔöÇÔöÇÔöÇÔöÇÔöÇÔöÇÔöÇÔöÇÔöÇÔöÇÔöÇÔöÇÔöÇÔöÇÔöÇÔöÇÔöÇÔöÇÔöÇÔöÇÔöÇÔöÇÔöÇÔöÇÔöÇÔöÇÔöÇÔöÇÔöÇÔöÇÔöÇÔöÇÔöÇÔöÇÔöÇÔöÇÔöÇÔöÇÔöÇÔöÇÔöÇÔöÇÔöÇÔöÇÔöÇÔöÇÔöÇÔöÇÔöÇÔöÇÔöÇÔöÇÔöÇÔöÇÔöÇÔöÇÔöÇÔöÇÔöÇÔöÇÔöÇÔöÇÔöÇÔöÇÔöÇÔöÇÔò«
Ôöé                                                                              Ôöé
Ôöé   Ignored build scripts: @tailwindcss/oxide@4.1.9, canvas@3.2.0,             Ôöé
Ôöé   sharp@0.34.5.                                                              Ôöé
Ôöé   Run "pnpm approve-builds" to pick which dependencies should be allowed     Ôöé
Ôöé   to run scripts.                                                            Ôöé
Ôöé                                                                              Ôöé
Ôò░ÔöÇÔöÇÔöÇÔöÇÔöÇÔöÇÔöÇÔöÇÔöÇÔöÇÔöÇÔöÇÔöÇÔöÇÔöÇÔöÇÔöÇÔöÇÔöÇÔöÇÔöÇÔöÇÔöÇÔöÇÔöÇÔöÇÔöÇÔöÇÔöÇÔöÇÔöÇÔöÇÔöÇÔöÇÔöÇÔöÇÔöÇÔöÇÔöÇÔöÇÔöÇÔöÇÔöÇÔöÇÔöÇÔöÇÔöÇÔöÇÔöÇÔöÇÔöÇÔöÇÔöÇÔöÇÔöÇÔöÇÔöÇÔöÇÔöÇÔöÇÔöÇÔöÇÔöÇÔöÇÔöÇÔöÇÔöÇÔöÇÔöÇÔöÇÔöÇÔöÇÔöÇÔöÇÔöÇÔöÇÔöÇÔöÇÔò»
Done in 1s using pnpm v10.28.2
Detected Next.js version: 16.0.10
Detected `pnpm-lock.yaml` 9 which may be generated by pnpm@9.x or pnpm@10.x
Using pnpm@10.x based on project creation date
To use pnpm@9.x, manually opt in using corepack (https://vercel.com/docs/deployments/configure-a-build#corepack)
Running "pnpm run build"

> my-v0-project@0.1.0 build C:\Users\Pc\Desktop\quiz-detox7-main
> next build

[baseline-browser-mappi
ng] The data in this 
module is over two 
months old.  To ensure 
accurate Baseline 
data, please update: 
`npm i baseline-browser
-mapping@latest -D`
   Ôû▓ Next.js 16.0.10 (Turbopack)

   Creating an optimized production build ...
[baseline-browser-mappi
ng] The data in this 
module is over two 
months old.  To ensure 
accurate Baseline 
data, please update: 
`npm i baseline-browser
-mapping@latest -D`
 Ô£ô Compiled successfully in 2.1s
   Skipping validation of types
 ÔÜá Minimum 
recommended TypeScript 
version is v5.1.0, 
older versions can 
potentially be 
incompatible with 
Next.js. Detected: 
5.0.2
   Collecting page data using 5 workers ...
[baseline-browser-mappi
ng] The data in this 
module is over two 
months old.  To ensure 
accurate Baseline 
data, please update: 
`npm i baseline-browser
-mapping@latest -D`
[baseline-browser-mappi
ng] The data in this 
module is over two 
months old.  To ensure 
accurate Baseline 
data, please update: 
`npm i baseline-browser
-mapping@latest -D`
[baseline-browser-mappi
ng] The data in this 
module is over two 
months old.  To ensure 
accurate Baseline 
data, please update: 
`npm i baseline-browser
-mapping@latest -D`
   Generating static pages using 5 workers (0/3) ...
[baseline-browser-mappi
ng] The data in this 
module is over two 
months old.  To ensure 
accurate Baseline 
data, please update: 
`npm i baseline-browser
-mapping@latest -D`
 Ô£ô Generating static pages using 5 workers (3/3) in 562.3ms
   Finalizing page optimization ...

Route (app)
Ôöî Ôùï /
Ôöö Ôùï /_not-found


Ôùï  (Static)  prerendered as static content

Traced Next.js server files in: 51.557ms
Tracing entries due to missing build traces:
[
  "C:/Users/Pc/Desktop/quiz-detox7-main/.next/server/app/_global-error/page.js",
  "C:/Users/Pc/Desktop/quiz-detox7-main/.next/server/app/_not-found/page.js"
]: 40.465ms
Created all serverless functions in: 79.551ms
Collected static files (public/, static/, .next/static): 4.492ms
Error: EPERM: 
operation not 
permitted, symlink '_gl
obal-error.rsc.func' 
-> 'C:\Users\Pc\Desktop
\quiz-detox7-main\.verc
el\output\functions\_no
t-found.rsc.func'
